// Jest Snapshot v1, https://goo.gl/fbAQLP

exports[`buildImportItems 1`] = `
Array [
  Object {
    "description": "src2.file1",
    "isExtraImport": undefined,
    "label": "CONSTANT_SRC2_FILE1_1",
  },
  Object {
    "isExtraImport": true,
    "label": "full_package1",
  },
  Object {
    "isExtraImport": true,
    "label": "full_package2",
  },
  Object {
    "description": "group1a.subdir_1",
    "isExtraImport": true,
    "label": "group1a_1",
  },
  Object {
    "description": "group1a.subdir_2",
    "isExtraImport": true,
    "label": "group1a_2",
  },
  Object {
    "description": "group1b.subdir_1",
    "isExtraImport": true,
    "label": "group1b_1",
  },
  Object {
    "description": "group2a.subdir_1",
    "isExtraImport": true,
    "label": "group2a_1",
  },
  Object {
    "description": "group2a.subdir_2",
    "isExtraImport": true,
    "label": "group2a_2",
  },
  Object {
    "description": "group2b.subdir_1",
    "isExtraImport": true,
    "label": "group2b_1",
  },
  Object {
    "description": "package3",
    "isExtraImport": true,
    "label": "package3_file1_1",
  },
  Object {
    "description": "package3",
    "isExtraImport": true,
    "label": "package3_file1_2",
  },
  Object {
    "description": "package3",
    "isExtraImport": true,
    "label": "package3_file1_3",
  },
  Object {
    "description": "package3",
    "isExtraImport": true,
    "label": "package3_file2_1",
  },
  Object {
    "description": "package3",
    "isExtraImport": true,
    "label": "package3_src2_file1_1",
  },
  Object {
    "description": "package4",
    "isExtraImport": true,
    "label": "package4_file1_1",
  },
  Object {
    "description": "package4",
    "isExtraImport": true,
    "label": "package4_file1_2",
  },
  Object {
    "description": "package4",
    "isExtraImport": true,
    "label": "package4_file1_3",
  },
  Object {
    "description": "package5",
    "isExtraImport": true,
    "label": "package5_file1_1",
  },
  Object {
    "description": "package5",
    "isExtraImport": true,
    "label": "package5_file1_2",
  },
  Object {
    "description": "package5",
    "isExtraImport": true,
    "label": "package5_file1_3",
  },
  Object {
    "description": "src1.file1",
    "isExtraImport": undefined,
    "label": "Class_file1_1",
  },
  Object {
    "description": "src1.file1",
    "isExtraImport": undefined,
    "label": "Class_file1_2",
  },
  Object {
    "description": "src1.file1",
    "isExtraImport": undefined,
    "label": "fn_file1_1",
  },
  Object {
    "description": "src1.file1",
    "isExtraImport": undefined,
    "label": "fn_file1_2",
  },
  Object {
    "description": "src1.file1",
    "isExtraImport": undefined,
    "label": "CONSTANT_FILE1_1",
  },
  Object {
    "description": "src1.file1",
    "isExtraImport": undefined,
    "label": "CONSTANT_FILE1_2",
  },
  Object {
    "description": "src1.file2",
    "isExtraImport": undefined,
    "label": "Class_file2_1",
  },
  Object {
    "description": "src1.file2",
    "isExtraImport": undefined,
    "label": "Class_file2_2",
  },
  Object {
    "description": "src1.file2",
    "isExtraImport": undefined,
    "label": "fn_file2_1",
  },
  Object {
    "description": "src1.file2",
    "isExtraImport": undefined,
    "label": "fn_file2_2",
  },
]
`;

exports[`cacheProject 1`] = `
Object {
  "_extraImports": Object {
    "full_package1": Object {
      "importEntirePackage": true,
      "isExtraImport": true,
    },
    "full_package2": Object {
      "importEntirePackage": true,
      "isExtraImport": true,
    },
    "group1a.subdir_1": Object {
      "exports": Array [
        "group1a_1",
      ],
      "isExtraImport": true,
    },
    "group1a.subdir_2": Object {
      "exports": Array [
        "group1a_2",
      ],
      "isExtraImport": true,
    },
    "group1b.subdir_1": Object {
      "exports": Array [
        "group1b_1",
      ],
      "isExtraImport": true,
    },
    "group2a.subdir_1": Object {
      "exports": Array [
        "group2a_1",
      ],
      "isExtraImport": true,
    },
    "group2a.subdir_2": Object {
      "exports": Array [
        "group2a_2",
      ],
      "isExtraImport": true,
    },
    "group2b.subdir_1": Object {
      "exports": Array [
        "group2b_1",
      ],
      "isExtraImport": true,
    },
    "package3": Object {
      "exports": Array [
        "package3_file1_1",
        "package3_file1_2",
        "package3_file1_3",
        "package3_file2_1",
        "package3_src2_file1_1",
      ],
      "isExtraImport": true,
    },
    "package4": Object {
      "exports": Array [
        "package4_file1_1",
        "package4_file1_2",
        "package4_file1_3",
      ],
      "isExtraImport": true,
    },
    "package5": Object {
      "exports": Array [
        "package5_file1_1",
        "package5_file1_2",
        "package5_file1_3",
      ],
      "isExtraImport": true,
    },
  },
  "src1/file1.py": Object {
    "exports": Array [
      "Class_file1_1",
      "Class_file1_2",
      "fn_file1_1",
      "fn_file1_2",
      "CONSTANT_FILE1_1",
      "CONSTANT_FILE1_2",
    ],
  },
  "src1/file2.py": Object {
    "exports": Array [
      "Class_file2_1",
      "Class_file2_2",
      "fn_file2_1",
      "fn_file2_2",
    ],
  },
  "src2/file1.py": Object {
    "exports": Array [
      "CONSTANT_SRC2_FILE1_1",
    ],
  },
}
`;

exports[`insertImport 1`] = `
"from src2.file1 import CONSTANT_SRC2_FILE1_1
"
`;
